Warning: File "spec/type/printable/gencode-distbool.chi": Semantic warning at line 14, column 15: Unused variable "v".
