Initial state: time=0.0, a=*

Simulation was terminated per the user's request.
