Error: File "spec/expr/binop-div-mod-int-bool.chi": Semantic error at line 16, column 25: Right operand must have an int type (found "bool").
