Error: File "spec/expr/binop-mul-bad.chi": Semantic error at line 14, column 61: Incorrectly typed multiplication (cannot multiply types "set chan! int" and "set chan? int").
Error: File "spec/expr/binop-mul-bad.chi": Semantic error at line 16, column 61: Incorrectly typed multiplication (cannot multiply types "set chan? int" and "set chan! int").
Error: File "spec/expr/binop-mul-bad.chi": Semantic error at line 17, column 53: Cannot assign value with type "set chan! int" to variables with type "set chan? int".
Error: File "spec/expr/binop-mul-bad.chi": Semantic error at line 18, column 53: Cannot assign value with type "set chan! int" to variables with type "set chan? int".
Error: File "spec/expr/binop-mul-bad.chi": Semantic error at line 20, column 53: Cannot assign value with type "set chan! int" to variables with type "set chan? int".
Error: File "spec/expr/binop-mul-bad.chi": Semantic error at line 23, column 53: Cannot assign value with type "set chan? int" to variables with type "set chan! int".
Error: File "spec/expr/binop-mul-bad.chi": Semantic error at line 24, column 61: Incorrectly typed multiplication (cannot multiply types "set chan! int" and "set chan? int").
Error: File "spec/expr/binop-mul-bad.chi": Semantic error at line 25, column 53: Cannot assign value with type "set chan? int" to variables with type "set chan! int".
Error: File "spec/expr/binop-mul-bad.chi": Semantic error at line 26, column 61: Incorrectly typed multiplication (cannot multiply types "set chan? int" and "set chan! int").
Error: File "spec/expr/binop-mul-bad.chi": Semantic error at line 29, column 53: Cannot assign value with type "set chan? int" to variables with type "set chan! int".
Error: File "spec/expr/binop-mul-bad.chi": Semantic error at line 33, column 54: Cannot assign value with type "set chan? int" to variables with type "set chan!? int".
Error: File "spec/expr/binop-mul-bad.chi": Semantic error at line 34, column 62: Incorrectly typed multiplication (cannot multiply types "set chan! int" and "set chan? int").
Error: File "spec/expr/binop-mul-bad.chi": Semantic error at line 35, column 54: Cannot assign value with type "set chan? int" to variables with type "set chan!? int".
Error: File "spec/expr/binop-mul-bad.chi": Semantic error at line 36, column 62: Incorrectly typed multiplication (cannot multiply types "set chan? int" and "set chan! int").
Error: File "spec/expr/binop-mul-bad.chi": Semantic error at line 37, column 54: Cannot assign value with type "set chan! int" to variables with type "set chan!? int".
Error: File "spec/expr/binop-mul-bad.chi": Semantic error at line 38, column 54: Cannot assign value with type "set chan! int" to variables with type "set chan!? int".
Error: File "spec/expr/binop-mul-bad.chi": Semantic error at line 39, column 54: Cannot assign value with type "set chan? int" to variables with type "set chan!? int".
Error: File "spec/expr/binop-mul-bad.chi": Semantic error at line 40, column 54: Cannot assign value with type "set chan! int" to variables with type "set chan!? int".
