{1 : a, 2 : bb}[1]=a
[1, 2, 8]+[a, bb, acht]
Dict after del(2): {1 : a, 8 : acht}
