Error: File "spec/expr/proc-name-real.chi": Semantic error at line 16, column 11: String or int type expected (found "real").
