10
9
8
7
6
5
4
3
2
1

10
9
8
7
6

8
6
4

10 9
9 8
8 7
7 6
6 5
5 4
