Loading CIF specification "controllercheck/common/event_only_with_controllability.cif"...
