Loading CIF specification "controllercheck/non_blocking_under_control/nbuc_unreach.cif".
Preparing for BDD-based checks:
    CIF variables and location pointers:
        Nr     Kind              Type  Name        Group  BDD vars  CIF values  BDD values  Values used
        -----  ----------------  ----  ----------  -----  --------  ----------  ----------  -----------
        1      location pointer  n/a   Supervisor  0      3 * 2     5 * 2       8 * 2       ~63%
        -----  ----------------  ----  ----------  -----  --------  ----------  ----------  -----------
        Total                                      1      6         10          16          ~63%

    Skipping variable ordering: only one variable present.

    Restricting system behavior using state/event exclusion plant invariants:
        No guards changed.

Preparing for MDD-based checks:
