CalcTestParser: Parsing...
CalcTestParser: /0 . LPAREN (shift LPAREN)
CalcTestParser: /0 LPAREN/5 . NUMBER (shift NUMBER)
CalcTestParser: /0 LPAREN/5 NUMBER/3 . PLUS (reduce BaseExpression)
CalcTestParser: /0 LPAREN/5 BaseExpression/6 . PLUS (reduce MinusExpression)
CalcTestParser: /0 LPAREN/5 MinusExpression/8 . PLUS (reduce TimesExpression)
CalcTestParser: /0 LPAREN/5 TimesExpression/12 . PLUS (reduce Expression)
CalcTestParser: /0 LPAREN/5 Expression/25 . PLUS (shift PLUS)
CalcTestParser: /0 LPAREN/5 Expression/25 PLUS/21 . NUMBER (shift NUMBER)
CalcTestParser: /0 LPAREN/5 Expression/25 PLUS/21 NUMBER/3 . RPAREN (reduce BaseExpression)
CalcTestParser: /0 LPAREN/5 Expression/25 PLUS/21 BaseExpression/6 . RPAREN (reduce MinusExpression)
CalcTestParser: /0 LPAREN/5 Expression/25 PLUS/21 MinusExpression/8 . RPAREN (reduce TimesExpression)
CalcTestParser: /0 LPAREN/5 Expression/25 PLUS/21 TimesExpression/24 . RPAREN (reduce Expression)
CalcTestParser: /0 LPAREN/5 Expression/25 . RPAREN (shift RPAREN)
CalcTestParser: /0 LPAREN/5 Expression/25 RPAREN/26 . TIMES (reduce BaseExpression)
CalcTestParser: /0 BaseExpression/6 . TIMES (reduce MinusExpression)
CalcTestParser: /0 MinusExpression/8 . TIMES (reduce TimesExpression)
CalcTestParser: /0 TimesExpression/12 . TIMES (shift TIMES)
CalcTestParser: /0 TimesExpression/12 TIMES/13 . NUMBER (shift NUMBER)
CalcTestParser: /0 TimesExpression/12 TIMES/13 NUMBER/3 . SEMICOL (reduce BaseExpression)
CalcTestParser: /0 TimesExpression/12 TIMES/13 BaseExpression/6 . SEMICOL (reduce MinusExpression)
CalcTestParser: /0 TimesExpression/12 TIMES/13 MinusExpression/17 . SEMICOL (reduce TimesExpression)
CalcTestParser: /0 TimesExpression/12 . SEMICOL (reduce Expression)
CalcTestParser: /0 Expression/7 . SEMICOL (reduce Statement)
CalcTestParser: /0 Statement/10 . SEMICOL (shift SEMICOL)
CalcTestParser: /0 Statement/10 SEMICOL/20 . SEMICOL (reduce Statements)
CalcTestParser: /0 Statements/11 . SEMICOL (reduce Statement)
CalcTestParser: /0 Statements/11 Statement/18 . SEMICOL (shift SEMICOL)
CalcTestParser: /0 Statements/11 Statement/18 SEMICOL/19 . ¶ (reduce Statements)
CalcTestParser: /0 Statements/11 . ¶ (reduce Program)
CalcTestParser: /0 Program/9 . ¶ (accept)
