Error: File "spec/statements/continue-process.chi": Semantic error at line 14, column 5: Continue statement may only be used inside a loop statement.
