Simulation performed exit at time 0.00 (initial seed was 135).
Simulation ended with exit value 43.
