Time: 6.3
Time: 7.3
Total: 5
Initial seed was 135.
