Initial state: time=0.0, p=*, p.b=[1, 2, 5, 7, 11, 16, 21, 22, 26, 30, 34, 38, 41, 43, 45, 47, 51, 54, 57, 58, 62, 66, 69]

Simulation resulted in deadlock.
