Reading CIF file "datasynth/workset_with_per_edge_edge_granularity.cif".
Preprocessing CIF specification.
Converting CIF specification to internal format.
