Initial state: time=0.0, p=*, p.d=random(), p.s=0.6432364967213056

Simulation resulted in deadlock.
