Loading CIF specification "controllercheck/confluence/skippable1.cif"...
Preparing for MDD-based checks...
Analyzing automaton "OptionalChangeBool"...
    Initializing the automaton data for event "OptionalChangeBool.a"...
    Initializing the automaton data for event "OptionalChangeBool.b"...
    Processing edges from location "p" of automaton "OptionalChangeBool"...
    Processing edges from location "q" of automaton "OptionalChangeBool"...
    Processing edges from location "r" of automaton "OptionalChangeBool"...
    Updating global guards and updates for event "OptionalChangeBool.a"...
    Updating global guards and updates for event "OptionalChangeBool.b"...

Checking for finite response...

Iteration 1.

Checking for confluence...

Skippable event pairs:
    (OptionalChangeBool.a, OptionalChangeBool.b)

CONCLUSION:
    [OK] The specification has finite response.
    [OK] The specification has confluence.
