Initial state: time=0.0, a0=1, a1=1, a2=3, p=*, p.v1=2

Transition: event tau
State: time=0.0, a0=1, a1=1, a2=2, p=*, p.v1=1

Transition: event tau
State: time=0.0, a0=1, a1=1, a2=1, p=*, p.v1=0

Transition: event tau
State: time=0.0, a0=1, a1=1, a2=0, p=*, p.v1=-1

Simulation resulted in deadlock.
