Initial state: time=0.0, ae=l1, ari1=l1, ari1.x=0, ari2=l1, ari2.x=0, arv1=l1, arv2=l1, as=l1

Possible transitions:
  #1: event e
  #2: event ei1 (communicates value 1)
  #3: event ei2 (communicates value 2)
  #4: event ev1 (communicates no value)
  #5: event ev2 (communicates no value)

Transition: event e
State: time=0.0, ae=l2, ari1=l1, ari1.x=0, ari2=l1, ari2.x=0, arv1=l1, arv2=l1, as=l1

Possible transitions:
  #1: event ei1 (communicates value 1)
  #2: event ei2 (communicates value 2)
  #3: event ev1 (communicates no value)
  #4: event ev2 (communicates no value)

Transition: event ei1 (communicates value 1)
State: time=0.0, ae=l2, ari1=l2, ari1.x=1, ari2=l1, ari2.x=0, arv1=l1, arv2=l1, as=l1

Possible transitions:
  #1: event ei2 (communicates value 2)
  #2: event ev1 (communicates no value)
  #3: event ev2 (communicates no value)

Transition: event ei2 (communicates value 2)
State: time=0.0, ae=l2, ari1=l2, ari1.x=1, ari2=l2, ari2.x=2, arv1=l1, arv2=l1, as=l1

Possible transitions:
  #1: event ev1 (communicates no value)
  #2: event ev2 (communicates no value)

Transition: event ev1 (communicates no value)
State: time=0.0, ae=l2, ari1=l2, ari1.x=1, ari2=l2, ari2.x=2, arv1=l2, arv2=l1, as=l1

Transition: event ev2 (communicates no value)
State: time=0.0, ae=l2, ari1=l2, ari1.x=1, ari2=l2, ari2.x=2, arv1=l2, arv2=l2, as=l1

Simulation resulted in deadlock.
