Error: File "spec/type/matrix-zero-column.chi": Semantic error at line 14, column 15: Column expression must be a non-zero positive number (found "0").
