Loading CIF specification "controllercheck/empty_alphabet.cif"...
Preparing for MDD-based checks...
Analyzing automaton "p"...

Checking for confluence...

CONCLUSION:
    Bounded response checking was disabled, bounded response property is unknown.
    Finite response checking was disabled, finite response property is unknown.
    [OK] The specification has confluence.
